apiVersion: v1
kind: Namespace
metadata:
  annotations: {}
  labels:
    name: syn-gitlab-runner
  name: syn-gitlab-runner
