apiVersion: apps/v1
kind: Deployment
metadata:
  labels:
    app: gitlab-runner
    chart: gitlab-runner-0.50.1
    heritage: Helm
    release: gitlab-runner
  name: gitlab-runner
  namespace: syn-gitlab-runner
spec:
  replicas: 1
  revisionHistoryLimit: 10
  selector:
    matchLabels:
      app: gitlab-runner
  template:
    metadata:
      annotations:
        checksum/configmap: 75c93fd9c747a83e1c2baf3e0b9fab26e32abe0068397e6e9bdf628f6b313367
        checksum/secrets: e3b0c44298fc1c149afbf4c8996fb92427ae41e4649b934ca495991b7852b855
        prometheus.io/port: '9252'
        prometheus.io/scrape: 'true'
      labels:
        app: gitlab-runner
        chart: gitlab-runner-0.50.1
        heritage: Helm
        release: gitlab-runner
    spec:
      containers:
        - command:
            - /usr/bin/dumb-init
            - --
            - /bin/bash
            - /configmaps/entrypoint
          env:
            - name: CI_SERVER_URL
              value: null
            - name: CLONE_URL
              value: ''
            - name: RUNNER_EXECUTOR
              value: kubernetes
            - name: REGISTER_LOCKED
              value: 'true'
            - name: RUNNER_TAG_LIST
              value: ''
          image: registry.gitlab.com/gitlab-org/gitlab-runner:alpine-v15.9.1
          imagePullPolicy: IfNotPresent
          livenessProbe:
            exec:
              command:
                - /bin/bash
                - /configmaps/check-live
            failureThreshold: 3
            initialDelaySeconds: 60
            periodSeconds: 10
            successThreshold: 1
            timeoutSeconds: 1
          name: gitlab-runner
          ports:
            - containerPort: 9252
              name: metrics
          readinessProbe:
            exec:
              command:
                - /usr/bin/pgrep
                - gitlab.*runner
            failureThreshold: 3
            initialDelaySeconds: 10
            periodSeconds: 10
            successThreshold: 1
            timeoutSeconds: 1
          resources: {}
          securityContext:
            allowPrivilegeEscalation: false
            capabilities:
              drop:
                - ALL
            privileged: false
            readOnlyRootFilesystem: false
            runAsNonRoot: true
          volumeMounts:
            - mountPath: /secrets
              name: projected-secrets
            - mountPath: /home/gitlab-runner/.gitlab-runner
              name: etc-gitlab-runner
            - mountPath: /configmaps
              name: configmaps
      securityContext:
        fsGroup: 65533
        runAsUser: 100
      serviceAccountName: ''
      terminationGracePeriodSeconds: 3600
      volumes:
        - emptyDir:
            medium: Memory
          name: runner-secrets
        - emptyDir:
            medium: Memory
          name: etc-gitlab-runner
        - name: projected-secrets
          projected:
            sources:
              - secret:
                  items:
                    - key: runner-registration-token
                      path: runner-registration-token
                    - key: runner-token
                      path: runner-token
                  name: gitlab-runner
        - configMap:
            name: gitlab-runner
          name: configmaps
