apiVersion: v1
kind: Service
metadata:
  labels:
    app: gitlab-runner
    chart: gitlab-runner-0.50.1
    heritage: Helm
    release: gitlab-runner
  name: gitlab-runner
  namespace: syn-gitlab-runner
spec:
  ports:
    - name: metrics
      port: 9252
      targetPort: metrics
  selector:
    app: gitlab-runner
    release: gitlab-runner
  type: ClusterIP
