apiVersion: v1
data:
  runner-registration-token: QlAxMzQ0MzQxSzFEMy0tNmQtV3hwbmdONFlheVA=
  runner-token: ''
kind: Secret
metadata:
  labels:
    app: gitlab-runner
    chart: gitlab-runner-0.50.1
    heritage: Helm
    release: gitlab-runner
  name: gitlab-runner
  namespace: syn-gitlab-runner
type: Opaque
